// Jest Snapshot v1, https://goo.gl/fbAQLP

exports[`test getNow test getNow: now 1`] = `"2019-02-22 12:10:20"`;

exports[`test helper test unzip: unzip 1`] = `
Object {
  "extname": "filename",
  "fileName": "filename",
  "id": "fooiuiouiouio",
  "imgUrl": "",
  "sha": "fooiuiouiouio",
  "type": "",
}
`;

exports[`test helper test zip: zip 1`] = `
Object {
  "f": "filename",
  "s": "fooiuiouiouio",
}
`;
